Calculating task graph as configuration cache cannot be reused because output of the external process 'git' has changed.
> Task :buildSrc:compileJava NO-SOURCE
> Task :buildSrc:compileGroovy UP-TO-DATE
> Task :buildSrc:processResources NO-SOURCE
> Task :buildSrc:classes UP-TO-DATE
> Task :buildSrc:jar UP-TO-DATE

> Configure project :
replaceGradleTokenInFile is deprecated! Consider using generateGradleTokenClass
Found and added access transformers in the resources folder, please configure gradle.properties to explicitly mention them by name
You might want to check out './gradlew :faq' if your build fails.
jvmDowngraderStubsProvider is not set. Defaulting to 'gtnhlib'. Set explicitly to 'gtnhlib', 'shade', or 'external' to suppress this warning.
Build script update from 2.0.18 to 2.0.19 available! Run ./gradlew updateBuildScript

> Task :validateLombokForJava25 SKIPPED
> Task :extractDependencyATs SKIPPED
> Task :downloadVanillaJars SKIPPED
> Task :downloadFernflower SKIPPED
> Task :processApiResources NO-SOURCE
> Task :processInjectedTagsResources NO-SOURCE
> Task :processMcLauncherResources NO-SOURCE
> Task :compileInjectedInterfacesJava NO-SOURCE
> Task :processInjectedInterfacesResources NO-SOURCE
> Task :generateForgeSrgMappings SKIPPED
> Task :injectTags UP-TO-DATE
> Task :injectedInterfacesClasses UP-TO-DATE
> Task :extractNatives2 UP-TO-DATE
> Task :compileInjectedTagsJava UP-TO-DATE
> Task :injectedTagsClasses UP-TO-DATE
> Task :mergeVanillaSidedJars SKIPPED
> Task :createMcLauncherFiles UP-TO-DATE
> Task :compileMcLauncherJava UP-TO-DATE
> Task :mcLauncherClasses UP-TO-DATE
> Task :deobfuscateMergedJarToSrg SKIPPED
> Task :decompileSrgJar SKIPPED
> Task :cleanupDecompSrgJar SKIPPED
> Task :patchDecompiledJar SKIPPED
> Task :applyJST SKIPPED
> Task :remapDecompiledJar SKIPPED
> Task :decompressDecompiledSources UP-TO-DATE
> Task :processPatchedMcResources UP-TO-DATE
> Task :compilePatchedMcJava UP-TO-DATE
> Task :patchedMcClasses UP-TO-DATE
> Task :compileApiJava NO-SOURCE
> Task :apiClasses UP-TO-DATE

> Task :compileJava FAILED

[Incubating] Problems report is available at: file:///D:/GTNH/AstraSorcery/AstralSorcery1.7.10/build/reports/problems/problems-report.html

Deprecated Gradle features were used in this build, making it incompatible with Gradle 10.

You can use '--warning-mode all' to show the individual deprecation warnings and determine if they come from your own scripts or plugins.

For more on this, please refer to https://docs.gradle.org/9.2.1/userguide/command_line_interface.html#sec:command_line_warnings in the Gradle documentation.
11 actionable tasks: 1 executed, 10 up-to-date
Configuration cache entry stored.
